// Jest Snapshot v1, https://goo.gl/fbAQLP

exports[`<Alert /> should match snapshot 1`] = `
<div>
  <div
    class="MuiSnackbar-root MuiSnackbar-anchorOriginTopCenter css-zzms1-MuiSnackbar-root"
    data-testid="alert-success"
    role="presentation"
  >
    <div
      class="MuiPaper-root MuiPaper-elevation MuiPaper-rounded MuiPaper-elevation0 MuiAlert-root MuiAlert-standardSuccess MuiAlert-standard css-1u4mj23-MuiPaper-root-MuiAlert-root"
      direction="down"
      role="alert"
      style="opacity: 1; transform: scale(1, 1); transition: opacity 225ms cubic-bezier(0.4, 0, 0.2, 1) 0ms,transform 150ms cubic-bezier(0.4, 0, 0.2, 1) 0ms;"
    >
      <div
        class="MuiAlert-icon css-1ytlwq5-MuiAlert-icon"
      >
        <svg
          aria-hidden="true"
          class="MuiSvgIcon-root MuiSvgIcon-fontSizeMedium css-12f8ttk-MuiSvgIcon-root"
          data-testid="CheckRoundedIcon"
          focusable="false"
          viewBox="0 0 24 24"
        >
          <path
            d="M9 16.17 5.53 12.7a.9959.9959 0 0 0-1.41 0c-.39.39-.39 1.02 0 1.41l4.18 4.18c.39.39 1.02.39 1.41 0L20.29 7.71c.39-.39.39-1.02 0-1.41a.9959.9959 0 0 0-1.41 0L9 16.17z"
          />
        </svg>
      </div>
      <div
        class="MuiAlert-message css-1pxa9xg-MuiAlert-message"
      >
        Test message
      </div>
      <div
        class="MuiAlert-action css-ki1hdl-MuiAlert-action"
      >
        <button
          aria-label="Close"
          class="MuiButtonBase-root MuiIconButton-root MuiIconButton-colorInherit MuiIconButton-sizeSmall css-1e0d89p-MuiButtonBase-root-MuiIconButton-root"
          tabindex="0"
          title="Close"
          type="button"
        >
          <svg
            aria-hidden="true"
            class="MuiSvgIcon-root MuiSvgIcon-fontSizeSmall css-ptiqhd-MuiSvgIcon-root"
            data-testid="CloseIcon"
            focusable="false"
            viewBox="0 0 24 24"
          >
            <path
              d="M19 6.41L17.59 5 12 10.59 6.41 5 5 6.41 10.59 12 5 17.59 6.41 19 12 13.41 17.59 19 19 17.59 13.41 12z"
            />
          </svg>
          <span
            class="MuiTouchRipple-root css-8je8zh-MuiTouchRipple-root"
          />
        </button>
      </div>
    </div>
  </div>
</div>
`;
