// Jest Snapshot v1, https://goo.gl/fbAQLP

exports[`<Home /> should match snapshot 1`] = `
<div>
  <div
    class="MuiBox-root css-1e5i6q7"
  >
    <div
      class="MuiBox-root css-1mioigq"
    >
      <img
        alt="Github Logo"
        src="function SvgGhIcon(props) {
  return React.createElement(
    'svg', 
    Object.assign({}, props, {'data-file-name': SvgGhIcon.name})
  );
}"
      />
      <a
        class="MuiTypography-root MuiTypography-inherit MuiLink-root MuiLink-underlineAlways css-j3poeh-MuiTypography-root-MuiLink-root"
        href="https://github.com/in-my-book-team"
        target="_blank"
      >
        GitHub
      </a>
    </div>
    <p
      class="MuiTypography-root MuiTypography-body1 css-1jx4n4e-MuiTypography-root"
    >
      Copyright Â© 2023. All rights reserved
    </p>
  </div>
</div>
`;
